###############################################################################
#
# IAR ELF Linker V9.10.1.308/W64 for ARM                  15/Dec/2022  03:31:40
# Copyright 2007-2021 IAR Systems AB.
#
#    Output file  =
#        C:\Users\fakhri\Desktop\STM32F4-Discovery_FW_V1.1.0\Project\Audio_playback_and_record\EWARM\MEDIA_IntFLASH\Exe\STM32F4-Discovery_Audio_IntFLASH.out
#    Map file     =
#        C:\Users\fakhri\Desktop\STM32F4-Discovery_FW_V1.1.0\Project\Audio_playback_and_record\EWARM\MEDIA_IntFLASH\List\STM32F4-Discovery_Audio_IntFLASH.map
#    Command line =
#        -f
#        C:\Users\fakhri\Desktop\STM32F4-Discovery_FW_V1.1.0\Project\Audio_playback_and_record\EWARM\MEDIA_IntFLASH\Exe\STM32F4-Discovery_Audio_IntFLASH.out.rsp
#        (C:\Users\fakhri\Desktop\STM32F4-Discovery_FW_V1.1.0\Project\Audio_playback_and_record\EWARM\MEDIA_IntFLASH\Obj\User\audio_sample.o
#        C:\Users\fakhri\Desktop\STM32F4-Discovery_FW_V1.1.0\Utilities\STM32F4-Discovery\libPDMFilter_IAR.a
#        C:\Users\fakhri\Desktop\STM32F4-Discovery_FW_V1.1.0\Project\Audio_playback_and_record\EWARM\MEDIA_IntFLASH\Obj\User\main.o
#        C:\Users\fakhri\Desktop\STM32F4-Discovery_FW_V1.1.0\Project\Audio_playback_and_record\EWARM\MEDIA_IntFLASH\Obj\STM32F4xx_StdPeriph_Driver\misc.o
#        C:\Users\fakhri\Desktop\STM32F4-Discovery_FW_V1.1.0\Project\Audio_playback_and_record\EWARM\MEDIA_IntFLASH\Obj\EWARM\startup_stm32f4xx.o
#        C:\Users\fakhri\Desktop\STM32F4-Discovery_FW_V1.1.0\Project\Audio_playback_and_record\EWARM\MEDIA_IntFLASH\Obj\STM32F4-Discovery\stm32f4_discovery.o
#        C:\Users\fakhri\Desktop\STM32F4-Discovery_FW_V1.1.0\Project\Audio_playback_and_record\EWARM\MEDIA_IntFLASH\Obj\STM32F4-Discovery\stm32f4_discovery_audio_codec.o
#        C:\Users\fakhri\Desktop\STM32F4-Discovery_FW_V1.1.0\Project\Audio_playback_and_record\EWARM\MEDIA_IntFLASH\Obj\STM32F4-Discovery\stm32f4_discovery_lis302dl.o
#        C:\Users\fakhri\Desktop\STM32F4-Discovery_FW_V1.1.0\Project\Audio_playback_and_record\EWARM\MEDIA_IntFLASH\Obj\STM32F4xx_StdPeriph_Driver\stm32f4xx_dac.o
#        C:\Users\fakhri\Desktop\STM32F4-Discovery_FW_V1.1.0\Project\Audio_playback_and_record\EWARM\MEDIA_IntFLASH\Obj\STM32F4xx_StdPeriph_Driver\stm32f4xx_dma.o
#        C:\Users\fakhri\Desktop\STM32F4-Discovery_FW_V1.1.0\Project\Audio_playback_and_record\EWARM\MEDIA_IntFLASH\Obj\STM32F4xx_StdPeriph_Driver\stm32f4xx_exti.o
#        C:\Users\fakhri\Desktop\STM32F4-Discovery_FW_V1.1.0\Project\Audio_playback_and_record\EWARM\MEDIA_IntFLASH\Obj\STM32F4xx_StdPeriph_Driver\stm32f4xx_gpio.o
#        C:\Users\fakhri\Desktop\STM32F4-Discovery_FW_V1.1.0\Project\Audio_playback_and_record\EWARM\MEDIA_IntFLASH\Obj\STM32F4xx_StdPeriph_Driver\stm32f4xx_i2c.o
#        C:\Users\fakhri\Desktop\STM32F4-Discovery_FW_V1.1.0\Project\Audio_playback_and_record\EWARM\MEDIA_IntFLASH\Obj\User\stm32f4xx_it.o
#        C:\Users\fakhri\Desktop\STM32F4-Discovery_FW_V1.1.0\Project\Audio_playback_and_record\EWARM\MEDIA_IntFLASH\Obj\STM32F4xx_StdPeriph_Driver\stm32f4xx_pwr.o
#        C:\Users\fakhri\Desktop\STM32F4-Discovery_FW_V1.1.0\Project\Audio_playback_and_record\EWARM\MEDIA_IntFLASH\Obj\STM32F4xx_StdPeriph_Driver\stm32f4xx_rcc.o
#        C:\Users\fakhri\Desktop\STM32F4-Discovery_FW_V1.1.0\Project\Audio_playback_and_record\EWARM\MEDIA_IntFLASH\Obj\STM32F4xx_StdPeriph_Driver\stm32f4xx_rtc.o
#        C:\Users\fakhri\Desktop\STM32F4-Discovery_FW_V1.1.0\Project\Audio_playback_and_record\EWARM\MEDIA_IntFLASH\Obj\STM32F4xx_StdPeriph_Driver\stm32f4xx_spi.o
#        C:\Users\fakhri\Desktop\STM32F4-Discovery_FW_V1.1.0\Project\Audio_playback_and_record\EWARM\MEDIA_IntFLASH\Obj\STM32F4xx_StdPeriph_Driver\stm32f4xx_syscfg.o
#        C:\Users\fakhri\Desktop\STM32F4-Discovery_FW_V1.1.0\Project\Audio_playback_and_record\EWARM\MEDIA_IntFLASH\Obj\STM32F4xx_StdPeriph_Driver\stm32f4xx_tim.o
#        C:\Users\fakhri\Desktop\STM32F4-Discovery_FW_V1.1.0\Project\Audio_playback_and_record\EWARM\MEDIA_IntFLASH\Obj\User\system_stm32f4xx.o
#        C:\Users\fakhri\Desktop\STM32F4-Discovery_FW_V1.1.0\Project\Audio_playback_and_record\EWARM\MEDIA_IntFLASH\Obj\User\waveplayer.o
#        --redirect _Printf=_PrintfSmallNoMb --redirect _Scanf=_ScanfSmallNoMb
#        --no_out_extension -o
#        C:\Users\fakhri\Desktop\STM32F4-Discovery_FW_V1.1.0\Project\Audio_playback_and_record\EWARM\MEDIA_IntFLASH\Exe\STM32F4-Discovery_Audio_IntFLASH.out
#        --map
#        C:\Users\fakhri\Desktop\STM32F4-Discovery_FW_V1.1.0\Project\Audio_playback_and_record\EWARM\MEDIA_IntFLASH\List\STM32F4-Discovery_Audio_IntFLASH.map
#        --config
#        C:\Users\fakhri\Desktop\STM32F4-Discovery_FW_V1.1.0\Project\Audio_playback_and_record\EWARM\stm32f4xx_flash.icf
#        --semihosting --entry __iar_program_start --vfe --text_out locale)
#
###############################################################################

*******************************************************************************
*** RUNTIME MODEL ATTRIBUTES
***

CppFlavor       = *
__SystemLibrary = DLib
__dlib_version  = 6


*******************************************************************************
*** HEAP SELECTION
***

The basic heap was selected because some modules are built with
size limitations (and not runtime checking), and --advanced_heap
was not specified.


*******************************************************************************
*** PLACEMENT SUMMARY
***

"A0":  place at address 0x800'0000 { ro section .intvec };
"P1":  place in [from 0x800'0000 to 0x80f'ffff] { ro };
define block CSTACK with size = 1K, alignment = 8 { };
define block HEAP with size = 512, alignment = 8 { };
"P2":  place in [from 0x2000'0000 to 0x2001'ffff] {
          rw, block CSTACK, block HEAP };
initialize by copy { rw };

  Section            Kind         Address      Size  Object
  -------            ----         -------      ----  ------
"A0":                                         0x188
  .intvec            ro code   0x800'0000     0x188  startup_stm32f4xx.o [1]
                             - 0x800'0188     0x188

"P1":                                      0xf'6fc2
  .rodata            const     0x800'0188  0xf'4f90  audio_sample.o [4]
  .text              ro code   0x80f'5118     0x978  stm32f4_discovery_audio_codec.o [2]
  .text              ro code   0x80f'5a90     0x114  stm32f4xx_rcc.o [3]
  .text              ro code   0x80f'5ba4      0xb4  stm32f4xx_gpio.o [3]
  .text              ro code   0x80f'5c58     0x1f2  stm32f4xx_i2c.o [3]
  .text              ro code   0x80f'5e4a      0x3a  packbits_init_single.o [7]
  .text              ro code   0x80f'5e84     0x1f6  stm32f4xx_spi.o [3]
  .text              ro code   0x80f'607c      0x64  stm32f4xx_dac.o [3]
  .text              ro code   0x80f'60e0     0x220  stm32f4xx_dma.o [3]
  .text              ro code   0x80f'6300      0x78  misc.o [3]
  .text              ro code   0x80f'6378     0x1e4  waveplayer.o [4]
  .text              ro code   0x80f'655c     0x32c  stm32f4_discovery_lis302dl.o [2]
  .text              ro code   0x80f'6888      0x28  stm32f4xx_syscfg.o [3]
  .text              ro code   0x80f'68b0      0x8c  stm32f4xx_exti.o [3]
  .text              ro code   0x80f'693c     0x158  stm32f4xx_tim.o [3]
  .text              ro code   0x80f'6a94     0x130  main.o [4]
  .text              ro code   0x80f'6bc4      0x98  stm32f4_discovery.o [2]
  .text              ro code   0x80f'6c5c     0x128  stm32f4xx_it.o [4]
  .text              ro code   0x80f'6d84     0x118  system_stm32f4xx.o [4]
  .text              ro code   0x80f'6e9c      0x28  data_init.o [7]
  .text              ro code   0x80f'6ec4      0x22  fpinit_M.o [6]
  .iar.init_table    const     0x80f'6ee8      0x10  - Linker created -
  .text              ro code   0x80f'6ef8      0x1e  cmain.o [7]
  .text              ro code   0x80f'6f16       0x4  low_level_init.o [5]
  .text              ro code   0x80f'6f1a       0x4  exit.o [5]
  .text              ro code   0x80f'6f20       0xa  cexit.o [7]
  .text              ro code   0x80f'6f2c      0x14  exit.o [8]
  .text              ro code   0x80f'6f40      0x1c  cstartup_M.o [7]
  .text              ro code   0x80f'6f5c      0x10  startup_stm32f4xx.o [1]
  .text              ro code   0x80f'6f6c       0x4  startup_stm32f4xx.o [1]
  .text              ro code   0x80f'6f70       0x4  startup_stm32f4xx.o [1]
  .text              ro code   0x80f'6f74       0x4  startup_stm32f4xx.o [1]
  .text              ro code   0x80f'6f78       0x4  startup_stm32f4xx.o [1]
  .text              ro code   0x80f'6f7c       0x4  startup_stm32f4xx.o [1]
  .text              ro code   0x80f'6f80       0x4  startup_stm32f4xx.o [1]
  .text              ro code   0x80f'6f84       0x4  startup_stm32f4xx.o [1]
  .text              ro code   0x80f'6f88       0x4  startup_stm32f4xx.o [1]
  .text              ro code   0x80f'6f8c       0x4  startup_stm32f4xx.o [1]
  .text              ro code   0x80f'6f90       0x4  startup_stm32f4xx.o [1]
  .text              ro code   0x80f'6f94       0x4  startup_stm32f4xx.o [1]
  .text              ro code   0x80f'6f98       0x4  startup_stm32f4xx.o [1]
  .text              ro code   0x80f'6f9c       0x4  startup_stm32f4xx.o [1]
  .text              ro code   0x80f'6fa0       0x4  startup_stm32f4xx.o [1]
  .text              ro code   0x80f'6fa4       0x4  startup_stm32f4xx.o [1]
  .text              ro code   0x80f'6fa8       0x4  startup_stm32f4xx.o [1]
  .text              ro code   0x80f'6fac       0x4  startup_stm32f4xx.o [1]
  .text              ro code   0x80f'6fb0       0x4  startup_stm32f4xx.o [1]
  .text              ro code   0x80f'6fb4       0x4  startup_stm32f4xx.o [1]
  .text              ro code   0x80f'6fb8       0x4  startup_stm32f4xx.o [1]
  .text              ro code   0x80f'6fbc       0x4  startup_stm32f4xx.o [1]
  .text              ro code   0x80f'6fc0       0x4  startup_stm32f4xx.o [1]
  .text              ro code   0x80f'6fc4       0x4  startup_stm32f4xx.o [1]
  .text              ro code   0x80f'6fc8       0x4  startup_stm32f4xx.o [1]
  .text              ro code   0x80f'6fcc       0x4  startup_stm32f4xx.o [1]
  .text              ro code   0x80f'6fd0       0x4  startup_stm32f4xx.o [1]
  .text              ro code   0x80f'6fd4       0x4  startup_stm32f4xx.o [1]
  .text              ro code   0x80f'6fd8       0x4  startup_stm32f4xx.o [1]
  .text              ro code   0x80f'6fdc       0x4  startup_stm32f4xx.o [1]
  .text              ro code   0x80f'6fe0       0x4  startup_stm32f4xx.o [1]
  .text              ro code   0x80f'6fe4       0x4  startup_stm32f4xx.o [1]
  .text              ro code   0x80f'6fe8       0x4  startup_stm32f4xx.o [1]
  .text              ro code   0x80f'6fec       0x4  startup_stm32f4xx.o [1]
  .text              ro code   0x80f'6ff0       0x4  startup_stm32f4xx.o [1]
  .text              ro code   0x80f'6ff4       0x4  startup_stm32f4xx.o [1]
  .text              ro code   0x80f'6ff8       0x4  startup_stm32f4xx.o [1]
  .text              ro code   0x80f'6ffc       0x4  startup_stm32f4xx.o [1]
  .text              ro code   0x80f'7000       0x4  startup_stm32f4xx.o [1]
  .text              ro code   0x80f'7004       0x4  startup_stm32f4xx.o [1]
  .text              ro code   0x80f'7008       0x4  startup_stm32f4xx.o [1]
  .text              ro code   0x80f'700c       0x4  startup_stm32f4xx.o [1]
  .text              ro code   0x80f'7010       0x4  startup_stm32f4xx.o [1]
  .text              ro code   0x80f'7014       0x4  startup_stm32f4xx.o [1]
  .text              ro code   0x80f'7018       0x4  startup_stm32f4xx.o [1]
  .text              ro code   0x80f'701c       0x4  startup_stm32f4xx.o [1]
  .text              ro code   0x80f'7020       0x4  startup_stm32f4xx.o [1]
  .text              ro code   0x80f'7024       0x4  startup_stm32f4xx.o [1]
  .text              ro code   0x80f'7028       0x4  startup_stm32f4xx.o [1]
  .text              ro code   0x80f'702c       0x4  startup_stm32f4xx.o [1]
  .text              ro code   0x80f'7030       0x4  startup_stm32f4xx.o [1]
  .text              ro code   0x80f'7034       0x4  startup_stm32f4xx.o [1]
  .text              ro code   0x80f'7038       0x4  startup_stm32f4xx.o [1]
  .text              ro code   0x80f'703c       0x4  startup_stm32f4xx.o [1]
  .text              ro code   0x80f'7040       0x4  startup_stm32f4xx.o [1]
  .text              ro code   0x80f'7044       0x4  startup_stm32f4xx.o [1]
  .text              ro code   0x80f'7048       0x4  startup_stm32f4xx.o [1]
  .text              ro code   0x80f'704c       0x4  startup_stm32f4xx.o [1]
  .text              ro code   0x80f'7050       0x4  startup_stm32f4xx.o [1]
  .text              ro code   0x80f'7054       0x4  startup_stm32f4xx.o [1]
  .text              ro code   0x80f'7058       0x4  startup_stm32f4xx.o [1]
  .text              ro code   0x80f'705c       0x4  startup_stm32f4xx.o [1]
  .text              ro code   0x80f'7060       0x4  startup_stm32f4xx.o [1]
  .text              ro code   0x80f'7064       0x4  startup_stm32f4xx.o [1]
  .text              ro code   0x80f'7068       0x4  startup_stm32f4xx.o [1]
  .text              ro code   0x80f'706c       0x4  startup_stm32f4xx.o [1]
  .text              ro code   0x80f'7070       0x4  startup_stm32f4xx.o [1]
  .text              ro code   0x80f'7074       0x4  startup_stm32f4xx.o [1]
  .text              ro code   0x80f'7078       0x4  startup_stm32f4xx.o [1]
  .text              ro code   0x80f'707c       0x4  startup_stm32f4xx.o [1]
  .text              ro code   0x80f'7080       0x4  startup_stm32f4xx.o [1]
  .text              ro code   0x80f'7084       0x4  startup_stm32f4xx.o [1]
  .text              ro code   0x80f'7088       0x4  startup_stm32f4xx.o [1]
  .text              ro code   0x80f'708c       0x4  startup_stm32f4xx.o [1]
  .text              ro code   0x80f'7090       0x4  startup_stm32f4xx.o [1]
  .text              ro code   0x80f'7094       0x4  startup_stm32f4xx.o [1]
  .text              ro code   0x80f'7098       0x4  startup_stm32f4xx.o [1]
  .text              ro code   0x80f'709c       0x4  startup_stm32f4xx.o [1]
  .text              ro code   0x80f'70a0       0x4  startup_stm32f4xx.o [1]
  .text              ro code   0x80f'70a4       0x4  startup_stm32f4xx.o [1]
  .text              ro code   0x80f'70a8       0x4  startup_stm32f4xx.o [1]
  .text              ro code   0x80f'70ac       0x4  startup_stm32f4xx.o [1]
  .text              ro code   0x80f'70b0       0x4  startup_stm32f4xx.o [1]
  .text              ro code   0x80f'70b4       0x4  startup_stm32f4xx.o [1]
  .text              ro code   0x80f'70b8       0x4  startup_stm32f4xx.o [1]
  .text              ro code   0x80f'70bc       0x4  startup_stm32f4xx.o [1]
  .text              ro code   0x80f'70c0       0x4  startup_stm32f4xx.o [1]
  .text              ro code   0x80f'70c4       0x4  startup_stm32f4xx.o [1]
  .text              ro code   0x80f'70c8       0x4  startup_stm32f4xx.o [1]
  .text              ro code   0x80f'70cc       0x4  startup_stm32f4xx.o [1]
  .text              ro code   0x80f'70d0       0x4  startup_stm32f4xx.o [1]
  .text              ro code   0x80f'70d4       0x4  startup_stm32f4xx.o [1]
  .rodata            const     0x80f'70d8       0x0  packbits_init_single.o [7]
  Initializer bytes  const     0x80f'70d8      0x72  <for P2-1>
                             - 0x80f'714a  0xf'6fc2

"P2", part 1 of 2:                             0xdc
  P2-1                        0x2000'0000      0xdc  <Init block>
    .data            inited   0x2000'0000      0x14  main.o [4]
    .data            inited   0x2000'0014      0x10  stm32f4_discovery.o [2]
    .data            inited   0x2000'0024      0x78  stm32f4_discovery_audio_codec.o [2]
    .data            inited   0x2000'009c       0x4  stm32f4_discovery_audio_codec.o [2]
    .data            inited   0x2000'00a0       0x4  stm32f4_discovery_lis302dl.o [2]
    .data            inited   0x2000'00a4      0x10  stm32f4xx_rcc.o [3]
    .data            inited   0x2000'00b4      0x14  system_stm32f4xx.o [4]
    .bss             inited   0x2000'00c8       0x8  waveplayer.o [4]
    .bss             inited   0x2000'00d0       0x4  waveplayer.o [4]
    .bss             inited   0x2000'00d4       0x4  stm32f4xx_it.o [4]
    .data            inited   0x2000'00d8       0x2  stm32f4xx_it.o [4]
    .data            inited   0x2000'00da       0x1  waveplayer.o [4]
    .bss             inited   0x2000'00db       0x1  waveplayer.o [4]
                            - 0x2000'00dc      0xdc

"P2", part 2 of 2:                            0x400
  CSTACK                      0x2000'00e0     0x400  <Block>
    CSTACK           uninit   0x2000'00e0     0x400  <Block tail>
                            - 0x2000'04e0     0x400

Unused ranges:

         From           To      Size
         ----           --      ----
   0x80f'714a   0x80f'ffff    0x8eb6
  0x2000'00dc  0x2000'00df       0x4
  0x2000'04e0  0x2001'ffff  0x1'fb20


*******************************************************************************
*** INIT TABLE
***

          Address      Size
          -------      ----
Copy/packbits (__iar_packbits_init_single3)
    1 source range, total size 0x72 (51% of destination):
           0x80f'70d8  0x72
    1 destination range, total size 0xdc:
          0x2000'0000  0xdc



*******************************************************************************
*** MODULE SUMMARY
***

    Module                           ro code    ro data  rw data
    ------                           -------    -------  -------
command line/config:
    ------------------------------------------------------------
    Total:

C:\Users\fakhri\Desktop\STM32F4-Discovery_FW_V1.1.0\Project\Audio_playback_and_record\EWARM\MEDIA_IntFLASH\Obj\EWARM: [1]
    startup_stm32f4xx.o                  772
    ------------------------------------------------------------
    Total:                               772

C:\Users\fakhri\Desktop\STM32F4-Discovery_FW_V1.1.0\Project\Audio_playback_and_record\EWARM\MEDIA_IntFLASH\Obj\STM32F4-Discovery: [2]
    stm32f4_discovery.o                  152          8       16
    stm32f4_discovery_audio_codec.o    2'424         64      124
    stm32f4_discovery_lis302dl.o         812          2        4
    ------------------------------------------------------------
    Total:                             3'388         74      144

C:\Users\fakhri\Desktop\STM32F4-Discovery_FW_V1.1.0\Project\Audio_playback_and_record\EWARM\MEDIA_IntFLASH\Obj\STM32F4xx_StdPeriph_Driver: [3]
    misc.o                               120
    stm32f4xx_dac.o                      100
    stm32f4xx_dma.o                      544
    stm32f4xx_exti.o                     140
    stm32f4xx_gpio.o                     180
    stm32f4xx_i2c.o                      498
    stm32f4xx_rcc.o                      276          9       16
    stm32f4xx_spi.o                      502
    stm32f4xx_syscfg.o                    40
    stm32f4xx_tim.o                      344
    ------------------------------------------------------------
    Total:                             2'744          9       16

C:\Users\fakhri\Desktop\STM32F4-Discovery_FW_V1.1.0\Project\Audio_playback_and_record\EWARM\MEDIA_IntFLASH\Obj\User: [4]
    audio_sample.o                            1'003'408
    main.o                               304         10       20
    stm32f4xx_it.o                       296          3        6
    system_stm32f4xx.o                   280         10       20
    waveplayer.o                         484          8       14
    ------------------------------------------------------------
    Total:                             1'364  1'003'439       60

dl7M_tln.a: [5]
    exit.o                                 4
    low_level_init.o                       4
    ------------------------------------------------------------
    Total:                                 8

m7M_tls.a: [6]
    fpinit_M.o                            34
    ------------------------------------------------------------
    Total:                                34

rt7M_tl.a: [7]
    cexit.o                               10
    cmain.o                               30
    cstartup_M.o                          28
    data_init.o                           40
    packbits_init_single.o                58
    ------------------------------------------------------------
    Total:                               166

shb_l.a: [8]
    exit.o                                20
    ------------------------------------------------------------
    Total:                                20

    Gaps                                   6          2
    Linker created                                   16    1'024
----------------------------------------------------------------
    Grand Total:                       8'502  1'003'540    1'244


*******************************************************************************
*** ENTRY LIST
***

Entry                       Address      Size  Type      Object
-----                       -------      ----  ----      ------
.iar.init_table$$Base    0x80f'6ee8             --   Gb  - Linker created -
.iar.init_table$$Limit   0x80f'6ef8             --   Gb  - Linker created -
?main                    0x80f'6ef9            Code  Gb  cmain.o [7]
AHBPrescTable           0x2000'00b8      0x10  Data  Gb  system_stm32f4xx.o [4]
APBAHBPrescTable        0x2000'00a4      0x10  Data  Lc  stm32f4xx_rcc.o [3]
AUDIO_MAL_DMA_CHANNEL   0x2000'0080       0x4  Data  Gb  stm32f4_discovery_audio_codec.o [2]
AUDIO_MAL_DMA_CLOCK     0x2000'0074       0x4  Data  Gb  stm32f4_discovery_audio_codec.o [2]
AUDIO_MAL_DMA_DREG      0x2000'007c       0x4  Data  Gb  stm32f4_discovery_audio_codec.o [2]
AUDIO_MAL_DMA_FLAG_DME  0x2000'0098       0x4  Data  Gb  stm32f4_discovery_audio_codec.o [2]
AUDIO_MAL_DMA_FLAG_FE   0x2000'0090       0x4  Data  Gb  stm32f4_discovery_audio_codec.o [2]
AUDIO_MAL_DMA_FLAG_HT   0x2000'008c       0x4  Data  Gb  stm32f4_discovery_audio_codec.o [2]
AUDIO_MAL_DMA_FLAG_TC   0x2000'0088       0x4  Data  Gb  stm32f4_discovery_audio_codec.o [2]
AUDIO_MAL_DMA_FLAG_TE   0x2000'0094       0x4  Data  Gb  stm32f4_discovery_audio_codec.o [2]
AUDIO_MAL_DMA_IRQ       0x2000'0084       0x4  Data  Gb  stm32f4_discovery_audio_codec.o [2]
AUDIO_MAL_DMA_STREAM    0x2000'0078       0x4  Data  Gb  stm32f4_discovery_audio_codec.o [2]
AUDIO_SAMPLE             0x800'0188  0xf'4f90  Data  Gb  audio_sample.o [4]
AudioPlayStart          0x2000'00db       0x1  Data  Gb  waveplayer.o [4]
AudioRemSize            0x2000'0068       0x4  Data  Gb  stm32f4_discovery_audio_codec.o [2]
AudioTotalSize          0x2000'0064       0x4  Data  Gb  stm32f4_discovery_audio_codec.o [2]
Audio_MAL_IRQHandler     0x80f'56e3      0x98  Code  Lc  stm32f4_discovery_audio_codec.o [2]
Buffer                  0x2000'00c8       0x8  Data  Gb  waveplayer.o [4]
BusFault_Handler         0x80f'6c63       0x2  Code  Gb  stm32f4xx_it.o [4]
CCR_Val                 0x2000'0012       0x2  Data  Gb  main.o [4]
CODECTimeout            0x2000'009c       0x4  Data  Gb  stm32f4_discovery_audio_codec.o [2]
CSTACK$$Base            0x2000'00e0             --   Gb  - Linker created -
CSTACK$$Limit           0x2000'04e0             --   Gb  - Linker created -
Codec_TIMEOUT_UserCallback
                         0x80f'6523       0x4  Code  Gb  waveplayer.o [4]
Codec_VolumeCtrl         0x80f'57b3      0x20  Code  Lc  stm32f4_discovery_audio_codec.o [2]
Codec_WriteRegister      0x80f'57d5     0x206  Code  Lc  stm32f4_discovery_audio_codec.o [2]
Count                   0x2000'00d9       0x1  Data  Gb  stm32f4xx_it.o [4]
CurrAudioInterface      0x2000'0070       0x4  Data  Gb  stm32f4_discovery_audio_codec.o [2]
CurrentPos              0x2000'006c       0x4  Data  Gb  stm32f4_discovery_audio_codec.o [2]
DAC_Cmd                  0x80f'60a5      0x1a  Code  Gb  stm32f4xx_dac.o [3]
DAC_Config               0x80f'59db      0x48  Code  Gb  stm32f4_discovery_audio_codec.o [2]
DAC_Init                 0x80f'607d      0x28  Code  Gb  stm32f4xx_dac.o [3]
DAC_SetChannel1Data      0x80f'60bf      0x1e  Code  Gb  stm32f4xx_dac.o [3]
DMA1_Stream0_IRQHandler
                         0x80f'577d       0x2  Code  Gb  stm32f4_discovery_audio_codec.o [2]
DMA1_Stream7_IRQHandler
                         0x80f'577b       0x2  Code  Gb  stm32f4_discovery_audio_codec.o [2]
DMA_ClearFlag            0x80f'6259      0x1c  Code  Gb  stm32f4xx_dma.o [3]
DMA_Cmd                  0x80f'620f      0x16  Code  Gb  stm32f4xx_dma.o [3]
DMA_DeInit               0x80f'60e1      0xdc  Code  Gb  stm32f4xx_dma.o [3]
DMA_GetCmdStatus         0x80f'6225       0xe  Code  Gb  stm32f4xx_dma.o [3]
DMA_GetFlagStatus        0x80f'6233      0x26  Code  Gb  stm32f4xx_dma.o [3]
DMA_ITConfig             0x80f'6275      0x2e  Code  Gb  stm32f4xx_dma.o [3]
DMA_Init                 0x80f'61bd      0x52  Code  Gb  stm32f4xx_dma.o [3]
DMA_InitStructure       0x2000'0024      0x3c  Data  Gb  stm32f4_discovery_audio_codec.o [2]
DebugMon_Handler         0x80f'6c69       0x2  Code  Gb  stm32f4xx_it.o [4]
EVAL_AUDIO_GetSampleCallBack
                         0x80f'651f       0x4  Code  Gb  waveplayer.o [4]
EVAL_AUDIO_Init          0x80f'519f     0x3b2  Code  Gb  stm32f4_discovery_audio_codec.o [2]
EVAL_AUDIO_PauseResume   0x80f'55b9      0x84  Code  Gb  stm32f4_discovery_audio_codec.o [2]
EVAL_AUDIO_Play          0x80f'5551      0x68  Code  Gb  stm32f4_discovery_audio_codec.o [2]
EVAL_AUDIO_SetAudioInterface
                         0x80f'5119      0x86  Code  Gb  stm32f4_discovery_audio_codec.o [2]
EVAL_AUDIO_Stop          0x80f'563d      0xa6  Code  Gb  stm32f4_discovery_audio_codec.o [2]
EVAL_AUDIO_TransferComplete_CallBack
                         0x80f'6517       0x8  Code  Gb  waveplayer.o [4]
EXTI1_IRQHandler         0x80f'6c71      0x34  Code  Gb  stm32f4xx_it.o [4]
EXTI_ClearITPendingBit   0x80f'692d       0x6  Code  Gb  stm32f4xx_exti.o [3]
EXTI_GetITStatus         0x80f'6917      0x16  Code  Gb  stm32f4xx_exti.o [3]
EXTI_Init                0x80f'68b1      0x66  Code  Gb  stm32f4xx_exti.o [3]
GPIO_CLK                 0x80f'6c4c      0x10  Data  Gb  stm32f4_discovery.o [2]
GPIO_Init                0x80f'5ba5      0x7c  Code  Gb  stm32f4xx_gpio.o [3]
GPIO_PIN                 0x80f'6c44       0x8  Data  Gb  stm32f4_discovery.o [2]
GPIO_PORT               0x2000'0014      0x10  Data  Gb  stm32f4_discovery.o [2]
GPIO_PinAFConfig         0x80f'5c33      0x26  Code  Gb  stm32f4xx_gpio.o [3]
GPIO_ResetBits           0x80f'5c25       0x4  Code  Gb  stm32f4xx_gpio.o [3]
GPIO_SetBits             0x80f'5c21       0x4  Code  Gb  stm32f4xx_gpio.o [3]
GPIO_WriteBit            0x80f'5c29       0xa  Code  Gb  stm32f4xx_gpio.o [3]
HardFault_Handler        0x80f'6c5f       0x2  Code  Gb  stm32f4xx_it.o [4]
I2C_AcknowledgeConfig    0x80f'5dd5      0x18  Code  Gb  stm32f4xx_i2c.o [3]
I2C_CheckEvent           0x80f'5df7      0x1a  Code  Gb  stm32f4xx_i2c.o [3]
I2C_ClearFlag            0x80f'5e45       0x6  Code  Gb  stm32f4xx_i2c.o [3]
I2C_Cmd                  0x80f'5d7d      0x18  Code  Gb  stm32f4xx_i2c.o [3]
I2C_DeInit               0x80f'5c59      0x58  Code  Gb  stm32f4xx_i2c.o [3]
I2C_GenerateSTART        0x80f'5d95      0x18  Code  Gb  stm32f4xx_i2c.o [3]
I2C_GenerateSTOP         0x80f'5dad      0x18  Code  Gb  stm32f4xx_i2c.o [3]
I2C_GetFlagStatus        0x80f'5e11      0x34  Code  Gb  stm32f4xx_i2c.o [3]
I2C_Init                 0x80f'5cb1      0xb2  Code  Gb  stm32f4xx_i2c.o [3]
I2C_ReceiveData          0x80f'5df1       0x6  Code  Gb  stm32f4xx_i2c.o [3]
I2C_Send7bitAddress      0x80f'5dc5      0x10  Code  Gb  stm32f4xx_i2c.o [3]
I2C_SendData             0x80f'5ded       0x4  Code  Gb  stm32f4xx_i2c.o [3]
I2S_Cmd                  0x80f'6025      0x18  Code  Gb  stm32f4xx_spi.o [3]
I2S_Init                 0x80f'5f37      0xc2  Code  Gb  stm32f4xx_spi.o [3]
LED_Toggle              0x2000'00d4       0x1  Data  Gb  stm32f4xx_it.o [4]
LIS302DLTimeout         0x2000'00a0       0x4  Data  Gb  stm32f4_discovery_lis302dl.o [2]
LIS302DL_Init            0x80f'655d     0x15a  Code  Gb  stm32f4_discovery_lis302dl.o [2]
LIS302DL_InterruptConfig
                         0x80f'66b7      0x4e  Code  Gb  stm32f4_discovery_lis302dl.o [2]
LIS302DL_Read            0x80f'6791      0x8c  Code  Gb  stm32f4_discovery_lis302dl.o [2]
LIS302DL_SendByte        0x80f'681d      0x5a  Code  Lc  stm32f4_discovery_lis302dl.o [2]
LIS302DL_TIMEOUT_UserCallback
                         0x80f'6515       0x2  Code  Gb  waveplayer.o [4]
LIS302DL_Write           0x80f'6705      0x8c  Code  Gb  stm32f4_discovery_lis302dl.o [2]
MemManage_Handler        0x80f'6c61       0x2  Code  Gb  stm32f4xx_it.o [4]
NMI_Handler              0x80f'6c5d       0x2  Code  Gb  stm32f4xx_it.o [4]
NVIC_Init                0x80f'630b      0x5a  Code  Gb  misc.o [3]
NVIC_PriorityGroupConfig
                         0x80f'6301       0xa  Code  Gb  misc.o [3]
OutputDev               0x2000'0060       0x1  Data  Gb  stm32f4_discovery_audio_codec.o [2]
PauseResumeStatus       0x2000'00d8       0x1  Data  Gb  stm32f4xx_it.o [4]
PendSV_Handler           0x80f'6c6b       0x2  Code  Gb  stm32f4xx_it.o [4]
RCC_AHB1PeriphClockCmd   0x80f'5b1b      0x14  Code  Gb  stm32f4xx_rcc.o [3]
RCC_APB1PeriphClockCmd   0x80f'5b2f      0x14  Code  Gb  stm32f4xx_rcc.o [3]
RCC_APB1PeriphResetCmd   0x80f'5b57      0x14  Code  Gb  stm32f4xx_rcc.o [3]
RCC_APB2PeriphClockCmd   0x80f'5b43      0x14  Code  Gb  stm32f4xx_rcc.o [3]
RCC_APB2PeriphResetCmd   0x80f'5b6b      0x14  Code  Gb  stm32f4xx_rcc.o [3]
RCC_Clocks              0x2000'0000      0x10  Data  Gb  main.o [4]
RCC_GetClocksFreq        0x80f'5a91      0x8a  Code  Gb  stm32f4xx_rcc.o [3]
Region$$Table$$Base      0x80f'6ee8             --   Gb  - Linker created -
Region$$Table$$Limit     0x80f'6ef8             --   Gb  - Linker created -
RepeatState             0x2000'0010       0x1  Data  Gb  main.o [4]
SPI3_IRQHandler          0x80f'577f      0x34  Code  Gb  stm32f4_discovery_audio_codec.o [2]
SPI_Cmd                  0x80f'600d      0x18  Code  Gb  stm32f4xx_spi.o [3]
SPI_I2S_DMACmd           0x80f'6045      0x10  Code  Gb  stm32f4xx_spi.o [3]
SPI_I2S_DeInit           0x80f'5e85      0x60  Code  Gb  stm32f4xx_spi.o [3]
SPI_I2S_GetFlagStatus    0x80f'606d       0xe  Code  Gb  stm32f4xx_spi.o [3]
SPI_I2S_ITConfig         0x80f'6055      0x18  Code  Gb  stm32f4xx_spi.o [3]
SPI_I2S_ReceiveData      0x80f'603d       0x4  Code  Gb  stm32f4xx_spi.o [3]
SPI_I2S_SendData         0x80f'6041       0x4  Code  Gb  stm32f4xx_spi.o [3]
SPI_Init                 0x80f'5ee5      0x52  Code  Gb  stm32f4xx_spi.o [3]
STM_EVAL_LEDInit         0x80f'6bc5      0x42  Code  Gb  stm32f4_discovery.o [2]
STM_EVAL_LEDOff          0x80f'6c19      0x10  Code  Gb  stm32f4_discovery.o [2]
STM_EVAL_LEDOn           0x80f'6c09      0x10  Code  Gb  stm32f4_discovery.o [2]
STM_EVAL_LEDToggle       0x80f'6c29      0x16  Code  Gb  stm32f4_discovery.o [2]
SVC_Handler              0x80f'6c67       0x2  Code  Gb  stm32f4xx_it.o [4]
SYSCFG_EXTILineConfig    0x80f'6889      0x24  Code  Gb  stm32f4xx_syscfg.o [3]
SysTick_Handler          0x80f'6c6d       0x4  Code  Gb  stm32f4xx_it.o [4]
SystemCoreClock         0x2000'00b4       0x4  Data  Gb  system_stm32f4xx.o [4]
SystemInit               0x80f'6d85      0xfa  Code  Gb  system_stm32f4xx.o [4]
TIM4_IRQHandler          0x80f'6ca5      0xc6  Code  Gb  stm32f4xx_it.o [4]
TIM_ARRPreloadConfig     0x80f'69a3      0x18  Code  Gb  stm32f4xx_tim.o [3]
TIM_ClearITPendingBit    0x80f'6a8f       0x6  Code  Gb  stm32f4xx_tim.o [3]
TIM_Cmd                  0x80f'69bb      0x18  Code  Gb  stm32f4xx_tim.o [3]
TIM_GetCapture1          0x80f'6a67       0x4  Code  Gb  stm32f4xx_tim.o [3]
TIM_GetITStatus          0x80f'6a7b      0x14  Code  Gb  stm32f4xx_tim.o [3]
TIM_ITConfig             0x80f'6a6b      0x10  Code  Gb  stm32f4xx_tim.o [3]
TIM_OC1Init              0x80f'69d3      0x66  Code  Gb  stm32f4xx_tim.o [3]
TIM_OC1PreloadConfig     0x80f'6a59       0xe  Code  Gb  stm32f4xx_tim.o [3]
TIM_SetCompare1          0x80f'6a55       0x4  Code  Gb  stm32f4xx_tim.o [3]
TIM_TimeBaseInit         0x80f'693d      0x66  Code  Gb  stm32f4xx_tim.o [3]
TimingDelay             0x2000'00d0       0x4  Data  Lc  waveplayer.o [4]
TimingDelay_Decrement    0x80f'6527       0xe  Code  Gb  waveplayer.o [4]
UsageFault_Handler       0x80f'6c65       0x2  Code  Gb  stm32f4xx_it.o [4]
WavePlayBack             0x80f'6379      0x52  Code  Gb  waveplayer.o [4]
WavePlayerInit           0x80f'63cb     0x14a  Code  Gb  waveplayer.o [4]
__cmain                  0x80f'6ef9            Code  Gb  cmain.o [7]
__exit                   0x80f'6f2d      0x14  Code  Gb  exit.o [8]
__iar_data_init3         0x80f'6e9d      0x28  Code  Gb  data_init.o [7]
__iar_init_vfp           0x80f'6ec5            Code  Gb  fpinit_M.o [6]
__iar_packbits_init_single3
                         0x80f'5e4b      0x3a  Code  Gb  packbits_init_single.o [7]
__iar_program_start      0x80f'6f41            Code  Gb  cstartup_M.o [7]
__low_level_init         0x80f'6f17       0x4  Code  Gb  low_level_init.o [5]
__vector_table           0x800'0000            Data  Gb  startup_stm32f4xx.o [1]
_call_main               0x80f'6f05            Code  Gb  cmain.o [7]
_exit                    0x80f'6f21            Code  Gb  cexit.o [7]
capture                 0x2000'00d6       0x2  Data  Gb  stm32f4xx_it.o [4]
exit                     0x80f'6f1b       0x4  Code  Gb  exit.o [5]
main                     0x80f'6a95     0x130  Code  Gb  main.o [4]
volume                  0x2000'00da       0x1  Data  Gb  waveplayer.o [4]


[1] = C:\Users\fakhri\Desktop\STM32F4-Discovery_FW_V1.1.0\Project\Audio_playback_and_record\EWARM\MEDIA_IntFLASH\Obj\EWARM
[2] = C:\Users\fakhri\Desktop\STM32F4-Discovery_FW_V1.1.0\Project\Audio_playback_and_record\EWARM\MEDIA_IntFLASH\Obj\STM32F4-Discovery
[3] = C:\Users\fakhri\Desktop\STM32F4-Discovery_FW_V1.1.0\Project\Audio_playback_and_record\EWARM\MEDIA_IntFLASH\Obj\STM32F4xx_StdPeriph_Driver
[4] = C:\Users\fakhri\Desktop\STM32F4-Discovery_FW_V1.1.0\Project\Audio_playback_and_record\EWARM\MEDIA_IntFLASH\Obj\User
[5] = dl7M_tln.a
[6] = m7M_tls.a
[7] = rt7M_tl.a
[8] = shb_l.a

      8'502 bytes of readonly  code memory
  1'003'540 bytes of readonly  data memory
      1'244 bytes of readwrite data memory

Errors: none
Warnings: none
